Component: ARM Compiler 5.06 update 7 (build 960) Tool: armlink [4d3601]

==============================================================================

Section Cross References

    startup.o(RESET) refers to startup.o(STACK) for StackMem
    startup.o(RESET) refers to uart.o(.text) for UART0_Handler
    startup.o(RESET) refers to timer3a.o(i.Timer3A_Handler) for Timer3A_Handler
    startup.o(RESET) refers to lab3grader.o(.text) for Timer5A_Handler
    startup.o(RESET) refers to lab3.o(.text) for Start
    lab3.o(.text) refers to lab3grader.o(.text) for TExaS_Init
    timer3a.o(i.Timer3A_Handler) refers to timer3a.o(.data) for PeriodicTask3
    timer3a.o(i.Timer3A_Init) refers to timer3a.o(.data) for PeriodicTask3
    uart.o(.text) refers to startup.o(.text) for StartCritical
    uart.o(.text) refers to uart.o(.data) for RxGetI
    uart.o(.text) refers to uart.o(.bss) for RxFifo
    lab3grader.o(.text) refers to uart.o(.text) for UART_OutChar
    lab3grader.o(.text) refers to lab3grader.o(.data) for PeriodicTask2
    lab3grader.o(.text) refers to lab3grader.o(.constdata) for CorrectDEN
    lab3grader.o(.text) refers to lab3grader.o(.bss) for Inflag
    lab3grader.o(.text) refers to startup.o(.text) for DisableInterrupts
    lab3grader.o(.text) refers to pll.o(i.PLL_Init) for PLL_Init
    lab3grader.o(.text) refers to strcmpv7m.o(.text) for strcmp
    lab3grader.o(.text) refers to timer3a.o(i.Timer3A_Init) for Timer3A_Init
    lab3grader.o(.text) refers to lab3.o(.text) for EID1
    lab3grader.o(.text) refers to lab3grader.o(.conststring) for .conststring


==============================================================================

Removing Unused input sections from the image.

    Removing startup.o(HEAP), (0 bytes).
    Removing lab3.o(DATA), (0 bytes).
    Removing timer3a.o(i.Timer3A_Stop), (24 bytes).

3 unused section(s) (total 24 bytes) removed from the image.

==============================================================================

Image Symbol Table

    Local Symbols

    Symbol Name                              Value     Ov Type        Size  Object(Section)

    RESET                                    0x00000000   Section      644  startup.o(RESET)
    ../clib/memcpset.s                       0x00000000   Number         0  strcmpv7m.o ABSOLUTE
    Lab3.s                                   0x00000000   Number         0  lab3.o ABSOLUTE
    Lab3Grader.c                             0x00000000   Number         0  lab3grader.o ABSOLUTE
    PLL.c                                    0x00000000   Number         0  pll.o ABSOLUTE
    Startup.s                                0x00000000   Number         0  startup.o ABSOLUTE
    Timer3A.c                                0x00000000   Number         0  timer3a.o ABSOLUTE
    UART.c                                   0x00000000   Number         0  uart.o ABSOLUTE
    dc.s                                     0x00000000   Number         0  dc.o ABSOLUTE
    .text                                    0x00000284   Section       28  startup.o(.text)
    .text                                    0x000002a0   Section      604  lab3.o(.text)
    .text                                    0x000004fc   Section        0  uart.o(.text)
    copyHardwareToSoftware                   0x000006b7   Thumb Code    36  uart.o(.text)
    copySoftwareToHardware                   0x000006db   Thumb Code    38  uart.o(.text)
    .text                                    0x00000938   Section        0  lab3grader.o(.text)
    .text                                    0x0000116c   Section      128  strcmpv7m.o(.text)
    i.PLL_Init                               0x000011ec   Section        0  pll.o(i.PLL_Init)
    i.Timer3A_Handler                        0x00001268   Section        0  timer3a.o(i.Timer3A_Handler)
    i.Timer3A_Init                           0x00001280   Section        0  timer3a.o(i.Timer3A_Init)
    .constdata                               0x000012e0   Section     1192  lab3grader.o(.constdata)
    .conststring                             0x00001788   Section       77  lab3grader.o(.conststring)
    .data                                    0x20000000   Section        4  timer3a.o(.data)
    .data                                    0x20000004   Section       16  uart.o(.data)
    .data                                    0x20000014   Section       44  lab3grader.o(.data)
    .bss                                     0x20000040   Section      128  uart.o(.bss)
    RxFifo                                   0x20000040   Data          64  uart.o(.bss)
    TxFifo                                   0x20000080   Data          64  uart.o(.bss)
    .bss                                     0x200000c0   Section       40  lab3grader.o(.bss)
    STACK                                    0x200000e8   Section     1024  startup.o(STACK)
    StackMem                                 0x200000e8   Data           0  startup.o(STACK)

    Global Symbols

    Symbol Name                              Value     Ov Type        Size  Object(Section)

    BuildAttributes$$THM_ISAv4$E$P$D$K$B$S$7EM$PE$A:L22UL41UL21$X:L11$S22US41US21$IEEE1$IW$USESV6$~STKCKD$USESV7$~SHL$OSPACE$ROPI$EBA8$STANDARDLIB$REQ8$PRES8$EABIv2 0x00000000   Number         0  anon$$obj.o ABSOLUTE
    __Vectors                                0x00000000   Data           0  startup.o(RESET)
    Reset_Handler                            0x0000026d   Thumb Code     0  startup.o(RESET)
    NMI_Handler                              0x00000271   Thumb Code     2  startup.o(RESET)
    HardFault_Handler                        0x00000273   Thumb Code     2  startup.o(RESET)
    MemManage_Handler                        0x00000275   Thumb Code     2  startup.o(RESET)
    BusFault_Handler                         0x00000277   Thumb Code     2  startup.o(RESET)
    UsageFault_Handler                       0x00000279   Thumb Code     2  startup.o(RESET)
    SVC_Handler                              0x0000027b   Thumb Code     2  startup.o(RESET)
    DebugMon_Handler                         0x0000027d   Thumb Code     2  startup.o(RESET)
    PendSV_Handler                           0x0000027f   Thumb Code     2  startup.o(RESET)
    SysTick_Handler                          0x00000281   Thumb Code     2  startup.o(RESET)
    ADC0Seq0_Handler                         0x00000283   Thumb Code     0  startup.o(RESET)
    ADC0Seq1_Handler                         0x00000283   Thumb Code     0  startup.o(RESET)
    ADC0Seq2_Handler                         0x00000283   Thumb Code     0  startup.o(RESET)
    ADC0Seq3_Handler                         0x00000283   Thumb Code     0  startup.o(RESET)
    ADC1Seq0_Handler                         0x00000283   Thumb Code     0  startup.o(RESET)
    ADC1Seq1_Handler                         0x00000283   Thumb Code     0  startup.o(RESET)
    ADC1Seq2_Handler                         0x00000283   Thumb Code     0  startup.o(RESET)
    ADC1Seq3_Handler                         0x00000283   Thumb Code     0  startup.o(RESET)
    CAN0_Handler                             0x00000283   Thumb Code     0  startup.o(RESET)
    CAN1_Handler                             0x00000283   Thumb Code     0  startup.o(RESET)
    CAN2_Handler                             0x00000283   Thumb Code     0  startup.o(RESET)
    Comp0_Handler                            0x00000283   Thumb Code     0  startup.o(RESET)
    Comp1_Handler                            0x00000283   Thumb Code     0  startup.o(RESET)
    Comp2_Handler                            0x00000283   Thumb Code     0  startup.o(RESET)
    Ethernet_Handler                         0x00000283   Thumb Code     0  startup.o(RESET)
    ExtBus_Handler                           0x00000283   Thumb Code     0  startup.o(RESET)
    FPU_Handler                              0x00000283   Thumb Code     0  startup.o(RESET)
    Fan0_Handler                             0x00000283   Thumb Code     0  startup.o(RESET)
    FlashCtl_Handler                         0x00000283   Thumb Code     0  startup.o(RESET)
    GPIOPortA_Handler                        0x00000283   Thumb Code     0  startup.o(RESET)
    GPIOPortB_Handler                        0x00000283   Thumb Code     0  startup.o(RESET)
    GPIOPortC_Handler                        0x00000283   Thumb Code     0  startup.o(RESET)
    GPIOPortD_Handler                        0x00000283   Thumb Code     0  startup.o(RESET)
    GPIOPortE_Handler                        0x00000283   Thumb Code     0  startup.o(RESET)
    GPIOPortF_Handler                        0x00000283   Thumb Code     0  startup.o(RESET)
    GPIOPortG_Handler                        0x00000283   Thumb Code     0  startup.o(RESET)
    GPIOPortH_Handler                        0x00000283   Thumb Code     0  startup.o(RESET)
    GPIOPortJ_Handler                        0x00000283   Thumb Code     0  startup.o(RESET)
    GPIOPortK_Handler                        0x00000283   Thumb Code     0  startup.o(RESET)
    GPIOPortL_Handler                        0x00000283   Thumb Code     0  startup.o(RESET)
    GPIOPortM_Handler                        0x00000283   Thumb Code     0  startup.o(RESET)
    GPIOPortN_Handler                        0x00000283   Thumb Code     0  startup.o(RESET)
    GPIOPortP1_Handler                       0x00000283   Thumb Code     0  startup.o(RESET)
    GPIOPortP2_Handler                       0x00000283   Thumb Code     0  startup.o(RESET)
    GPIOPortP3_Handler                       0x00000283   Thumb Code     0  startup.o(RESET)
    GPIOPortP4_Handler                       0x00000283   Thumb Code     0  startup.o(RESET)
    GPIOPortP5_Handler                       0x00000283   Thumb Code     0  startup.o(RESET)
    GPIOPortP6_Handler                       0x00000283   Thumb Code     0  startup.o(RESET)
    GPIOPortP7_Handler                       0x00000283   Thumb Code     0  startup.o(RESET)
    GPIOPortP_Handler                        0x00000283   Thumb Code     0  startup.o(RESET)
    GPIOPortQ1_Handler                       0x00000283   Thumb Code     0  startup.o(RESET)
    GPIOPortQ2_Handler                       0x00000283   Thumb Code     0  startup.o(RESET)
    GPIOPortQ3_Handler                       0x00000283   Thumb Code     0  startup.o(RESET)
    GPIOPortQ4_Handler                       0x00000283   Thumb Code     0  startup.o(RESET)
    GPIOPortQ5_Handler                       0x00000283   Thumb Code     0  startup.o(RESET)
    GPIOPortQ6_Handler                       0x00000283   Thumb Code     0  startup.o(RESET)
    GPIOPortQ7_Handler                       0x00000283   Thumb Code     0  startup.o(RESET)
    GPIOPortQ_Handler                        0x00000283   Thumb Code     0  startup.o(RESET)
    GPIOPortR_Handler                        0x00000283   Thumb Code     0  startup.o(RESET)
    GPIOPortS_Handler                        0x00000283   Thumb Code     0  startup.o(RESET)
    Hibernate_Handler                        0x00000283   Thumb Code     0  startup.o(RESET)
    I2C0_Handler                             0x00000283   Thumb Code     0  startup.o(RESET)
    I2C1_Handler                             0x00000283   Thumb Code     0  startup.o(RESET)
    I2C2_Handler                             0x00000283   Thumb Code     0  startup.o(RESET)
    I2C3_Handler                             0x00000283   Thumb Code     0  startup.o(RESET)
    I2C4_Handler                             0x00000283   Thumb Code     0  startup.o(RESET)
    I2C5_Handler                             0x00000283   Thumb Code     0  startup.o(RESET)
    I2S0_Handler                             0x00000283   Thumb Code     0  startup.o(RESET)
    LPC0_Handler                             0x00000283   Thumb Code     0  startup.o(RESET)
    PECI0_Handler                            0x00000283   Thumb Code     0  startup.o(RESET)
    PWM0Fault_Handler                        0x00000283   Thumb Code     0  startup.o(RESET)
    PWM0Generator0_Handler                   0x00000283   Thumb Code     0  startup.o(RESET)
    PWM0Generator1_Handler                   0x00000283   Thumb Code     0  startup.o(RESET)
    PWM0Generator2_Handler                   0x00000283   Thumb Code     0  startup.o(RESET)
    PWM0Generator3_Handler                   0x00000283   Thumb Code     0  startup.o(RESET)
    PWM1Fault_Handler                        0x00000283   Thumb Code     0  startup.o(RESET)
    PWM1Generator0_Handler                   0x00000283   Thumb Code     0  startup.o(RESET)
    PWM1Generator1_Handler                   0x00000283   Thumb Code     0  startup.o(RESET)
    PWM1Generator2_Handler                   0x00000283   Thumb Code     0  startup.o(RESET)
    PWM1Generator3_Handler                   0x00000283   Thumb Code     0  startup.o(RESET)
    Quadrature0_Handler                      0x00000283   Thumb Code     0  startup.o(RESET)
    Quadrature1_Handler                      0x00000283   Thumb Code     0  startup.o(RESET)
    Quadrature2_Handler                      0x00000283   Thumb Code     0  startup.o(RESET)
    SSI0_Handler                             0x00000283   Thumb Code     0  startup.o(RESET)
    SSI1_Handler                             0x00000283   Thumb Code     0  startup.o(RESET)
    SSI2_Handler                             0x00000283   Thumb Code     0  startup.o(RESET)
    SSI3_Handler                             0x00000283   Thumb Code     0  startup.o(RESET)
    SysCtl_Handler                           0x00000283   Thumb Code     0  startup.o(RESET)
    Timer0A_Handler                          0x00000283   Thumb Code     0  startup.o(RESET)
    Timer0B_Handler                          0x00000283   Thumb Code     0  startup.o(RESET)
    Timer1A_Handler                          0x00000283   Thumb Code     0  startup.o(RESET)
    Timer1B_Handler                          0x00000283   Thumb Code     0  startup.o(RESET)
    Timer2A_Handler                          0x00000283   Thumb Code     0  startup.o(RESET)
    Timer2B_Handler                          0x00000283   Thumb Code     0  startup.o(RESET)
    Timer3B_Handler                          0x00000283   Thumb Code     0  startup.o(RESET)
    Timer4A_Handler                          0x00000283   Thumb Code     0  startup.o(RESET)
    Timer4B_Handler                          0x00000283   Thumb Code     0  startup.o(RESET)
    Timer5B_Handler                          0x00000283   Thumb Code     0  startup.o(RESET)
    UART1_Handler                            0x00000283   Thumb Code     0  startup.o(RESET)
    UART2_Handler                            0x00000283   Thumb Code     0  startup.o(RESET)
    UART3_Handler                            0x00000283   Thumb Code     0  startup.o(RESET)
    UART4_Handler                            0x00000283   Thumb Code     0  startup.o(RESET)
    UART5_Handler                            0x00000283   Thumb Code     0  startup.o(RESET)
    UART6_Handler                            0x00000283   Thumb Code     0  startup.o(RESET)
    UART7_Handler                            0x00000283   Thumb Code     0  startup.o(RESET)
    USB0_Handler                             0x00000283   Thumb Code     0  startup.o(RESET)
    WDT_Handler                              0x00000283   Thumb Code     0  startup.o(RESET)
    WideTimer0A_Handler                      0x00000283   Thumb Code     0  startup.o(RESET)
    WideTimer0B_Handler                      0x00000283   Thumb Code     0  startup.o(RESET)
    WideTimer1A_Handler                      0x00000283   Thumb Code     0  startup.o(RESET)
    WideTimer1B_Handler                      0x00000283   Thumb Code     0  startup.o(RESET)
    WideTimer2A_Handler                      0x00000283   Thumb Code     0  startup.o(RESET)
    WideTimer2B_Handler                      0x00000283   Thumb Code     0  startup.o(RESET)
    WideTimer3A_Handler                      0x00000283   Thumb Code     0  startup.o(RESET)
    WideTimer3B_Handler                      0x00000283   Thumb Code     0  startup.o(RESET)
    WideTimer4A_Handler                      0x00000283   Thumb Code     0  startup.o(RESET)
    WideTimer4B_Handler                      0x00000283   Thumb Code     0  startup.o(RESET)
    WideTimer5A_Handler                      0x00000283   Thumb Code     0  startup.o(RESET)
    WideTimer5B_Handler                      0x00000283   Thumb Code     0  startup.o(RESET)
    uDMA_Error                               0x00000283   Thumb Code     0  startup.o(RESET)
    uDMA_Handler                             0x00000283   Thumb Code     0  startup.o(RESET)
    DisableInterrupts                        0x00000285   Thumb Code     0  startup.o(.text)
    EnableInterrupts                         0x00000289   Thumb Code     0  startup.o(.text)
    StartCritical                            0x0000028d   Thumb Code     0  startup.o(.text)
    EndCritical                              0x00000295   Thumb Code     0  startup.o(.text)
    WaitForInterrupt                         0x0000029b   Thumb Code     0  startup.o(.text)
    EID1                                     0x000002a0   Data           8  lab3.o(.text)
    EID2                                     0x000002a8   Data           8  lab3.o(.text)
    Start                                    0x000002b1   Thumb Code     0  lab3.o(.text)
    RxFifo_Init                              0x000004fd   Thumb Code    26  uart.o(.text)
    RxFifo_Put                               0x00000517   Thumb Code    48  uart.o(.text)
    RxFifo_Get                               0x00000547   Thumb Code    46  uart.o(.text)
    RxFifo_Size                              0x00000575   Thumb Code    14  uart.o(.text)
    TxFifo_Init                              0x00000583   Thumb Code    26  uart.o(.text)
    TxFifo_Put                               0x0000059d   Thumb Code    48  uart.o(.text)
    TxFifo_Get                               0x000005cd   Thumb Code    46  uart.o(.text)
    TxFifo_Size                              0x000005fb   Thumb Code    14  uart.o(.text)
    UART_Init                                0x00000609   Thumb Code   174  uart.o(.text)
    UART_InChar                              0x00000701   Thumb Code    20  uart.o(.text)
    UART_OutChar                             0x00000715   Thumb Code    46  uart.o(.text)
    UART0_Handler                            0x00000743   Thumb Code    82  uart.o(.text)
    UART_OutString                           0x00000795   Thumb Code    22  uart.o(.text)
    UART_InUDec                              0x000007ab   Thumb Code    76  uart.o(.text)
    UART_OutUDec                             0x000007f7   Thumb Code    42  uart.o(.text)
    UART_InUHex                              0x00000821   Thumb Code   108  uart.o(.text)
    UART_OutUHex                             0x0000088d   Thumb Code    52  uart.o(.text)
    UART_InString                            0x000008c1   Thumb Code   118  uart.o(.text)
    LogicAnalyzer                            0x00000939   Thumb Code    14  lab3grader.o(.text)
    Scope                                    0x00000947   Thumb Code    12  lab3grader.o(.text)
    PeriodicTask2_Init                       0x00000953   Thumb Code   128  lab3grader.o(.text)
    Timer5A_Handler                          0x000009d3   Thumb Code    16  lab3grader.o(.text)
    PeriodicTask2_Stop                       0x000009e3   Thumb Code    26  lab3grader.o(.text)
    UART0_Init                               0x000009fd   Thumb Code   122  lab3grader.o(.text)
    UART0_InChar                             0x00000a77   Thumb Code    22  lab3grader.o(.text)
    UART0_OutChar                            0x00000a8d   Thumb Code    20  lab3grader.o(.text)
    UART0_OutString                          0x00000aa1   Thumb Code    22  lab3grader.o(.text)
    OutCRLF0                                 0x00000ab7   Thumb Code    16  lab3grader.o(.text)
    ADC1_Init                                0x00000ac7   Thumb Code   184  lab3grader.o(.text)
    CheckInit                                0x00000b7f   Thumb Code   110  lab3grader.o(.text)
    Random32                                 0x00000bed   Thumb Code    22  lab3grader.o(.text)
    Random                                   0x00000c03   Thumb Code    20  lab3grader.o(.text)
    setUpper                                 0x00000c17   Thumb Code    22  lab3grader.o(.text)
    OutCRLF                                  0x00000c2d   Thumb Code    16  lab3grader.o(.text)
    AddPoints                                0x00000c3d   Thumb Code    76  lab3grader.o(.text)
    Lab3Grader                               0x00000c89   Thumb Code   608  lab3grader.o(.text)
    TExaS_Init                               0x00000ee9   Thumb Code   452  lab3grader.o(.text)
    TExaS_Stop                               0x000010ad   Thumb Code     8  lab3grader.o(.text)
    strcmp                                   0x0000116d   Thumb Code   128  strcmpv7m.o(.text)
    PLL_Init                                 0x000011ed   Thumb Code   120  pll.o(i.PLL_Init)
    Timer3A_Handler                          0x00001269   Thumb Code    16  timer3a.o(i.Timer3A_Handler)
    Timer3A_Init                             0x00001281   Thumb Code    74  timer3a.o(i.Timer3A_Init)
    ChangeProblem                            0x000012e0   Data         160  lab3grader.o(.constdata)
    BreatheProblem                           0x00001380   Data         160  lab3grader.o(.constdata)
    LEDProblem                               0x00001420   Data         160  lab3grader.o(.constdata)
    CorrectDEN                               0x000014c0   Data          32  lab3grader.o(.constdata)
    CorrectDIR                               0x000014e0   Data          32  lab3grader.o(.constdata)
    Shift                                    0x00001500   Data          32  lab3grader.o(.constdata)
    ChangeMask                               0x00001520   Data          32  lab3grader.o(.constdata)
    BreatheMask                              0x00001540   Data          32  lab3grader.o(.constdata)
    LEDMask                                  0x00001560   Data          32  lab3grader.o(.constdata)
    PointMessages                            0x00001580   Data         480  lab3grader.o(.constdata)
    Min                                      0x00001760   Data          20  lab3grader.o(.constdata)
    Max                                      0x00001774   Data          20  lab3grader.o(.constdata)
    PeriodicTask3                            0x20000000   Data           4  timer3a.o(.data)
    RxPutI                                   0x20000004   Data           4  uart.o(.data)
    RxGetI                                   0x20000008   Data           4  uart.o(.data)
    TxPutI                                   0x2000000c   Data           4  uart.o(.data)
    TxGetI                                   0x20000010   Data           4  uart.o(.data)
    PeriodicTask2                            0x20000014   Data           4  lab3grader.o(.data)
    Mode                                     0x20000018   Data           4  lab3grader.o(.data)
    Time                                     0x2000001c   Data           4  lab3grader.o(.data)
    Score                                    0x20000020   Data           4  lab3grader.o(.data)
    ErrorFlag                                0x20000024   Data           4  lab3grader.o(.data)
    LastLED                                  0x20000028   Data           4  lab3grader.o(.data)
    FirstCount                               0x2000002c   Data           4  lab3grader.o(.data)
    SecondCount                              0x20000030   Data           4  lab3grader.o(.data)
    Period                                   0x20000034   Data           4  lab3grader.o(.data)
    Duty                                     0x20000038   Data           4  lab3grader.o(.data)
    M                                        0x2000003c   Data           4  lab3grader.o(.data)
    Inflag                                   0x200000c0   Data          24  lab3grader.o(.bss)
    Duties                                   0x200000d8   Data          16  lab3grader.o(.bss)



==============================================================================

Memory Map of the image

  Image Entry point : 0x0000026d

  Load Region LR_1 (Base: 0x00000000, Size: 0x00001818, Max: 0xffffffff, ABSOLUTE)

    Execution Region ER_RO (Exec base: 0x00000000, Load base: 0x00000000, Size: 0x000017d8, Max: 0xffffffff, ABSOLUTE)

    Exec Addr    Load Addr    Size         Type   Attr      Idx    E Section Name        Object

    0x00000000   0x00000000   0x00000284   Code   RO            3  * RESET               startup.o
    0x00000284   0x00000284   0x0000001c   Code   RO            4    .text               startup.o
    0x000002a0   0x000002a0   0x0000025c   Code   RO           13    .text               lab3.o
    0x000004fc   0x000004fc   0x0000043a   Code   RO           65    .text               uart.o
    0x00000936   0x00000936   0x00000002   PAD
    0x00000938   0x00000938   0x00000834   Code   RO           90    .text               lab3grader.o
    0x0000116c   0x0000116c   0x00000080   Code   RO          132    .text               c_w.l(strcmpv7m.o)
    0x000011ec   0x000011ec   0x0000007c   Code   RO           16    i.PLL_Init          pll.o
    0x00001268   0x00001268   0x00000018   Code   RO           38    i.Timer3A_Handler   timer3a.o
    0x00001280   0x00001280   0x00000060   Code   RO           39    i.Timer3A_Init      timer3a.o
    0x000012e0   0x000012e0   0x000004a8   Data   RO           92    .constdata          lab3grader.o
    0x00001788   0x00001788   0x0000004d   Data   RO           93    .conststring        lab3grader.o


    Execution Region ER_RW (Exec base: 0x20000000, Load base: 0x000017d8, Size: 0x00000040, Max: 0xffffffff, ABSOLUTE)

    Exec Addr    Load Addr    Size         Type   Attr      Idx    E Section Name        Object

    0x20000000   0x000017d8   0x00000004   Data   RW           41    .data               timer3a.o
    0x20000004   0x000017dc   0x00000010   Data   RW           67    .data               uart.o
    0x20000014   0x000017ec   0x0000002c   Data   RW           94    .data               lab3grader.o


    Execution Region ER_ZI (Exec base: 0x20000040, Load base: 0x00001818, Size: 0x000004a8, Max: 0xffffffff, ABSOLUTE)

    Exec Addr    Load Addr    Size         Type   Attr      Idx    E Section Name        Object

    0x20000040        -       0x00000080   Zero   RW           66    .bss                uart.o
    0x200000c0        -       0x00000028   Zero   RW           91    .bss                lab3grader.o
    0x200000e8        -       0x00000400   Zero   RW            1    STACK               startup.o


==============================================================================

Image component sizes


      Code (inc. data)   RO Data    RW Data    ZI Data      Debug   Object Name

       604         52          0          0          0        396   lab3.o
      2100        420       1269         44         40      10213   lab3grader.o
       124          4          0          0          0       4975   pll.o
       672        622          0          0       1024        956   startup.o
       120         30          0          4          0       1569   timer3a.o
      1082         48          0         16        128       5428   uart.o

    ----------------------------------------------------------------------
      4704       1176       1272         64       1192      23537   Object Totals
         0          0          0          0          0          0   (incl. Generated)
         2          0          3          0          0          0   (incl. Padding)

    ----------------------------------------------------------------------

      Code (inc. data)   RO Data    RW Data    ZI Data      Debug   Library Member Name

       128          0          0          0          0         68   strcmpv7m.o

    ----------------------------------------------------------------------
       128          0          0          0          0         68   Library Totals
         0          0          0          0          0          0   (incl. Padding)

    ----------------------------------------------------------------------

      Code (inc. data)   RO Data    RW Data    ZI Data      Debug   Library Name

       128          0          0          0          0         68   c_w.l

    ----------------------------------------------------------------------
       128          0          0          0          0         68   Library Totals

    ----------------------------------------------------------------------

==============================================================================


      Code (inc. data)   RO Data    RW Data    ZI Data      Debug   

      4832       1176       1272         64       1192      23241   Grand Totals
      4832       1176       1272         64       1192      23241   ELF Image Totals
      4832       1176       1272         64          0          0   ROM Totals

==============================================================================

    Total RO  Size (Code + RO Data)                 6104 (   5.96kB)
    Total RW  Size (RW Data + ZI Data)              1256 (   1.23kB)
    Total ROM Size (Code + RO Data + RW Data)       6168 (   6.02kB)

==============================================================================

